테스트 요청
테스트 응답입니다

